// Jest Snapshot v1, https://goo.gl/fbAQLP

exports[`App renders correctly 1`] = `
<DocumentFragment>
  <div
    class="weather-app"
  >
    <div
      class="weather-app__top"
    >
      <div
        class="search-form"
      >
        <input
          placeholder="Manchester"
          type="search"
          value=""
        />
        <button
          type="submit"
        >
          Search
        </button>
      </div>
      <h1>
        , 
      </h1>
    </div>
    <div
      class="forecast-summaries"
    />
  </div>
</DocumentFragment>
`;
